// Jest Snapshot v1, https://goo.gl/fbAQLP

exports[`<Icon /> should render something 1`] = `
.c0 {
  content: 'default';
}

<div
  class="c0"
>
  <h1>
    Icon with 
    default
  </h1>
</div>
`
